###############################################################################
#
# IAR ELF Linker V8.50.9.278/W32 for ARM                  16/May/2021  18:59:25
# Copyright 2007-2020 IAR Systems AB.
#
#    Output file  =
#        C:\Projetos\EK-TM4C1294_IAR8-master\Projects\simple_io_main_sp\Debug\Exe\simple_io_main_sp.out
#    Map file     =
#        C:\Projetos\EK-TM4C1294_IAR8-master\Projects\simple_io_main_sp\Debug\List\simple_io_main_sp.map
#    Command line =
#        -f C:\Users\Arthur\AppData\Local\Temp\EW4D7B.tmp
#        (C:\Projetos\EK-TM4C1294_IAR8-master\TivaWare_C_Series-2.1.4.178\driverlib\ewarm\Exe\driverlib.a
#        C:\Projetos\EK-TM4C1294_IAR8-master\Projects\simple_io_main_sp\Debug\Obj\simple_io_main_sp.o
#        C:\Projetos\EK-TM4C1294_IAR8-master\Projects\simple_io_main_sp\Debug\Obj\startup_TM4C1294.o
#        C:\Projetos\EK-TM4C1294_IAR8-master\Projects\simple_io_main_sp\Debug\Obj\system_TM4C1294_TW.o
#        --no_out_extension -o
#        C:\Projetos\EK-TM4C1294_IAR8-master\Projects\simple_io_main_sp\Debug\Exe\simple_io_main_sp.out
#        --map
#        C:\Projetos\EK-TM4C1294_IAR8-master\Projects\simple_io_main_sp\Debug\List\simple_io_main_sp.map
#        --config "C:\Program Files (x86)\IAR Systems\Embedded Workbench
#        8.4\arm\config\linker\TexasInstruments\TM4C1294NC.icf" --semihosting
#        --entry __iar_program_start --vfe --text_out locale)
#
###############################################################################

*******************************************************************************
*** RUNTIME MODEL ATTRIBUTES
***

CppFlavor       = *
__SystemLibrary = DLib
__dlib_version  = 6


*******************************************************************************
*** HEAP SELECTION
***

The basic heap was selected because some modules are built with
size limitations (and not runtime checking), and --advanced_heap
was not specified.


*******************************************************************************
*** PLACEMENT SUMMARY
***

"A0":  place at address 0x0 { ro section .intvec };
"P1":  place in [from 0x0 to 0xf'ffff] { ro };
define block CSTACK with size = 32K, alignment = 8 { };
define block HEAP with size = 64K, alignment = 8 { };
"P2":  place in [from 0x2000'0000 to 0x2003'ffff] {
          rw, block CSTACK, block HEAP };

  Section   Kind         Address    Size  Object
  -------   ----         -------    ----  ------
"A0":                              0x3c0
  .intvec   ro code          0x0   0x3c0  startup_TM4C1294.o [1]
                         - 0x3c0   0x3c0

"P1":                              0x820
  .text     ro code        0x3c0   0x29c  sysctl.o [3]
  .rodata   const          0x65c   0x1b0  sysctl.o [3]
  .text     ro code        0x80c   0x14e  gpio.o [3]
  .text     ro code        0x95a     0x2  startup_TM4C1294.o [1]
  .text     ro code        0x95c    0x90  simple_io_main_sp.o [1]
  .text     ro code        0x9ec    0x28  systick.o [3]
  .text     ro code        0xa14     0x4  time_trampoline.o [2]
  .text     ro code        0xa18     0xe  math_wrappers64.o [4]
  .text     ro code        0xa28    0x2e  DblCmpLe.o [4]
  .text     ro code        0xa56    0x12  time.o [6]
  .text     ro code        0xa68    0x1c  difftime.o [4]
  .text     ro code        0xa84    0x1a  U32ToDbl.o [4]
  .rodata   const          0xaa0    0x6c  sysctl.o [3]
  .rodata   const          0xb0c    0x30  sysctl.o [3]
  .text     ro code        0xb3c    0x2c  system_TM4C1294_TW.o [1]
  .text     ro code        0xb68    0x1e  cmain.o [5]
  .text     ro code        0xb86     0x4  low_level_init.o [2]
  .text     ro code        0xb8a     0x4  exit.o [2]
  .text     ro code        0xb90     0xa  cexit.o [5]
  .text     ro code        0xb9c    0x14  exit.o [6]
  .text     ro code        0xbb0    0x1c  cstartup_M.o [5]
  .text     ro code        0xbcc    0x14  startup_TM4C1294.o [1]
                         - 0xbe0   0x820

"P2":                             0x8008
  .noinit   uninit   0x2000'0000     0x4  system_TM4C1294_TW.o [1]
  CSTACK             0x2000'0008  0x8000  <Block>
    CSTACK  uninit   0x2000'0008  0x8000  <Block tail>
                   - 0x2000'8008  0x8008

Unused ranges:

         From           To      Size
         ----           --      ----
        0xbe0     0xf'ffff  0xf'f420
  0x2000'8008  0x2003'ffff  0x3'7ff8



*******************************************************************************
*** MODULE SUMMARY
***

    Module                ro code  ro data  rw data
    ------                -------  -------  -------
command line/config:
    -----------------------------------------------
    Total:

C:\Projetos\EK-TM4C1294_IAR8-master\Projects\simple_io_main_sp\Debug\Obj: [1]
    simple_io_main_sp.o       144
    startup_TM4C1294.o        982
    system_TM4C1294_TW.o       44                 4
    -----------------------------------------------
    Total:                  1'170                 4

dl7M_tln.a: [2]
    exit.o                      4
    low_level_init.o            4
    time_trampoline.o           4
    -----------------------------------------------
    Total:                     12

driverlib.a: [3]
    gpio.o                    334
    sysctl.o                  668      588
    systick.o                  40
    -----------------------------------------------
    Total:                  1'042      588

m7M_tls.a: [4]
    DblCmpLe.o                 46
    U32ToDbl.o                 26
    difftime.o                 28
    math_wrappers64.o          14
    -----------------------------------------------
    Total:                    114

rt7M_tl.a: [5]
    cexit.o                    10
    cmain.o                    30
    cstartup_M.o               28
    -----------------------------------------------
    Total:                     68

shb_l.a: [6]
    exit.o                     20
    time.o                     18
    -----------------------------------------------
    Total:                     38

    Gaps                        6        2
    Linker created                           32'768
---------------------------------------------------
    Grand Total:            2'450      590   32'772


*******************************************************************************
*** ENTRY LIST
***

Entry                       Address   Size  Type      Object
-----                       -------   ----  ----      ------
?main                         0xb69         Code  Gb  cmain.o [5]
CSTACK$$Base            0x2000'0008          --   Gb  - Linker created -
CSTACK$$Limit           0x2000'8008          --   Gb  - Linker created -
GPIODirModeSet                0x80d   0x28  Code  Gb  gpio.o [3]
GPIOPadConfigSet              0x835  0x102  Code  Gb  gpio.o [3]
GPIOPinTypeGPIOOutput         0x93f    0xa  Code  Gb  gpio.o [3]
GPIOPinWrite                  0x937    0x8  Code  Gb  gpio.o [3]
Region$$Table$$Base             0x0          --   Gb  - Linker created -
Region$$Table$$Limit            0x0          --   Gb  - Linker created -
SysCtlClockFreqSet            0x421  0x1fc  Code  Gb  sysctl.o [3]
SysCtlPeripheralEnable        0x403    0x8  Code  Gb  sysctl.o [3]
SysCtlPeripheralReady         0x3e1    0x8  Code  Gb  sysctl.o [3]
SysTickEnable                 0x9ed    0xc  Code  Gb  systick.o [3]
SysTickIntEnable              0x9f9    0xc  Code  Gb  systick.o [3]
SysTickPeriodSet              0xa05    0x8  Code  Gb  systick.o [3]
SystemCoreClock         0x2000'0000    0x4  Data  Gb  system_TM4C1294_TW.o [1]
SystemInit                    0xb3d   0x1a  Code  Gb  system_TM4C1294_TW.o [1]
_SysCtlMemTimingGet           0x3c1   0x20  Code  Lc  sysctl.o [3]
__Vectors                       0x0          --   Gb  startup_TM4C1294.o [1]
__Vectors_End                 0x3c0         Data  Gb  startup_TM4C1294.o [1]
__Vectors_Size {Abs}          0x3c0          --   Gb  startup_TM4C1294.o [1]
__aeabi_cdcmple               0xa29         Code  Gb  DblCmpLe.o [4]
__aeabi_ui2d                  0xa85         Code  Gb  U32ToDbl.o [4]
__cmain                       0xb69         Code  Gb  cmain.o [5]
__difftime32                  0xa69   0x1c  Code  Gb  difftime.o [4]
__exit                        0xb9d   0x14  Code  Gb  exit.o [6]
__iar_init_vfp                0xbd5         Code  Wk  startup_TM4C1294.o [1]
__iar_program_start           0xbb1         Code  Gb  cstartup_M.o [5]
__iar_vfp_difftime            0xa1f    0x8  Code  Gb  math_wrappers64.o [4]
__low_level_init              0xb87    0x4  Code  Gb  low_level_init.o [2]
__time32                      0xa57   0x12  Code  Gb  time.o [6]
__vector_table                  0x0         Data  Gb  startup_TM4C1294.o [1]
__vector_table_0x1c            0x1c         Data  Gb  startup_TM4C1294.o [1]
_call_main                    0xb75         Code  Gb  cmain.o [5]
_exit                         0xb91         Code  Gb  cexit.o [5]
_main                         0xb7f         Code  Gb  cmain.o [5]
difftime                      0xa69   0x1c  Code  Gb  difftime.o [4]
exit                          0xb8b    0x4  Code  Gb  exit.o [2]
g_pppui32XTALtoVCO            0x65c  0x1b0  Data  Lc  sysctl.o [3]
g_pui32VCOFrequencies         0x654    0x8  Data  Lc  sysctl.o [3]
g_pui32Xtals                  0xaa0   0x6c  Data  Lc  sysctl.o [3]
g_sXTALtoMEMTIM               0xb0c   0x30  Data  Lc  sysctl.o [3]
main                          0x95d   0x90  Code  Gb  simple_io_main_sp.o [1]
time                          0xa15    0x4  Code  Gb  time_trampoline.o [2]


[1] = C:\Projetos\EK-TM4C1294_IAR8-master\Projects\simple_io_main_sp\Debug\Obj
[2] = dl7M_tln.a
[3] = driverlib.a
[4] = m7M_tls.a
[5] = rt7M_tl.a
[6] = shb_l.a

   2'450 bytes of readonly  code memory
     590 bytes of readonly  data memory
  32'772 bytes of readwrite data memory

Errors: none
Warnings: none
